
> f5-new@0.1.0 build
> next build

ظû▓ Next.js 16.1.1 (Turbopack)
- Environments: .env.local
- Experiments (use with caution):
  ┬╖ clientTraceMetadata
  ظ£ô optimizeCss

node.exe : ظأب The "middleware" file convention is deprecated. Please use "proxy" instead. Learn more: 
https://nextjs.org/docs/messages/middleware-to-proxy
At line:1 char:1
+ & "C:\laragon\bin\nodejs\node-v22/node.exe" "C:\laragon\bin\nodejs\no ...
+ ~~~~~~~~~~~~~~~~~~~~~~~~~~~~~~~~~~~~~~~~~~~~~~~~~~~~~~~~~~~~~~~~~~~~~
    + CategoryInfo          : NotSpecified: (ظأب The "middle...leware-to-proxy:String) [], RemoteException
    + FullyQualifiedErrorId : NativeCommandError
 
  Creating an optimized production build ...
ظ£ô Compiled successfully in 20.4s
  Running next.config.js provided runAfterProductionCompile ...
ظ£ô Completed runAfterProductionCompile in 1546ms
  Running TypeScript ...
  Collecting page data using 7 workers ...
  Generating static pages using 7 workers (0/24) ...
  Generating static pages using 7 workers (6/24) 
  Generating static pages using 7 workers (12/24) 
  Generating static pages using 7 workers (18/24) 
ظ£ô Generating static pages using 7 workers (24/24) in 1146.2ms
  Finalizing page optimization ...

Route (app)
ظ¤î ظùï /
ظ¤£ ظùï /_not-found
ظ¤£ ظùï /about
ظ¤£ ظùï /dashboard
ظ¤£ ظùï /faq
ظ¤£ ظùï /feedback
ظ¤£ ظùï /login
ظ¤£ ظùï /notifications
ظ¤£ ظùï /pricing
ظ¤£ ظùï /pricing/success
ظ¤£ ظùï /privacy
ظ¤£ ظùï /profile
ظ¤£ ظùï /quiz
ظ¤£ ظùï /quiz/step1-favorites
ظ¤£ ظùï /quiz/step2-disliked
ظ¤£ ظùï /quiz/step3-allergy
ظ¤£ ظùï /register
ظ¤£ ظùï /results
ظ¤£ ظùï /settings
ظ¤£ ظùï /sitemap.xml
ظ¤£ ظùï /test-header
ظ¤¤ ظùï /test-input


╞ْ Proxy (Middleware)

ظùï  (Static)  prerendered as static content

